数据: 260 样本 x 70 特征 (clr) | Pos=151 Neg=109 | 多数类基线 acc=0.581
外层 5折 x 5次 = 25 折，内层 4 折调参

XGBoost 已启用，scale_pos_weight = 0.722

  L2-LR 完成，最常选中的超参: {'clf__C': 0.05}
  L1-LR 完成，最常选中的超参: {'clf__C': 0.5}
  RandomForest 完成，最常选中的超参: {'clf__max_features': 0.3, 'clf__min_samples_leaf': 1}
  SVM-linear 完成，最常选中的超参: {'clf__C': 0.01}
  SVM-RBF 完成，最常选中的超参: {'clf__C': 5.0, 'clf__gamma': 'scale'}
  HistGB 完成，最常选中的超参: {'clf__learning_rate': 0.1, 'clf__max_leaf_nodes': 7, 'clf__min_samples_leaf': 10}
  XGBoost 完成，最常选中的超参: {'clf__learning_rate': 0.1, 'clf__max_depth': 3, 'clf__n_estimators': 400}

====================================================================================================
          Model    Accuracy BalancedAcc     ROC_AUC      PR_AUC Sensitivity Specificity   Precision          F1         MCC
          L2-LR 0.665±0.047 0.664±0.047 0.772±0.054 0.842±0.044 0.673±0.075 0.655±0.083 0.731±0.049 0.699±0.051 0.327±0.093
          L1-LR 0.687±0.058 0.685±0.061 0.772±0.055 0.838±0.045 0.697±0.073 0.673±0.107 0.752±0.068 0.720±0.053 0.369±0.122
   RandomForest 0.718±0.059 0.693±0.065 0.806±0.042 0.845±0.040 0.850±0.082 0.535±0.140 0.721±0.058 0.777±0.048 0.416±0.127
     SVM-linear 0.678±0.054 0.661±0.055 0.755±0.055 0.827±0.044 0.771±0.084 0.551±0.103 0.706±0.047 0.735±0.050 0.335±0.112
        SVM-RBF 0.773±0.055 0.764±0.058 0.835±0.060 0.871±0.056 0.820±0.069 0.708±0.099 0.799±0.054 0.807±0.047 0.535±0.116
         HistGB 0.709±0.050 0.695±0.053 0.794±0.045 0.843±0.036 0.783±0.066 0.608±0.100 0.737±0.048 0.757±0.042 0.399±0.106
        XGBoost 0.727±0.052 0.716±0.052 0.800±0.051 0.846±0.046 0.786±0.087 0.646±0.089 0.756±0.046 0.768±0.051 0.441±0.106
Baseline(全猜Pos) 0.581±0.008 0.500±0.000 0.500±0.000 0.581±0.008 1.000±0.000 0.000±0.000 0.581±0.008 0.735±0.006 0.000±0.000
====================================================================================================

完整结果(含标准差列): results/model_comparison_full.csv
