==========================================================================
去混杂敏感性分析 —— 排除月份 [11, 12, 1]
==========================================================================
全队列  n=260  阳性 151 (58%)
子集    n=165  阳性 101 (61%)   排除 95 个样本

各月阳性率:
   1月  n= 50  阳性率 10%  <- 排除
   7月  n= 86  阳性率 60%
   8月  n= 37  阳性率 68%
  10月  n= 42  阳性率 57%
  11月  n= 27  阳性率 100%  <- 排除
  12月  n= 18  阳性率 100%  <- 排除

[1] 去混杂是否成功：仅用「月份」一个变量预测标签
  全队列 AUC 0.775   ->   子集 AUC 0.426   (已中和)

[2] 特征集消融（统一 L2-LR 口径，与 README 消融表可比）
                        全队列 n=260       子集 n=165         变化
  仅协变量                      0.881          0.774     -0.107
  仅菌群 (LR)                  0.766          0.933     +0.168
  仅菌群 (SVM-RBF)             0.835          0.937     +0.102
  菌群+协变量                    0.924          0.951     +0.027
  菌群独立增量                   +0.043         +0.177

[3] 子集上的置换检验（100 次，SVM-RBF）
    25/100 ...
    50/100 ...
    75/100 ...
    100/100 ...
  实测 0.943 | 零分布 0.500 ± 0.064 (max 0.669) | p = 0.0099

[4] 残余混杂：删掉月份之后还剩什么
  菌群 -> 采样地点(最大类)   AUC 0.753
  采样地点 -> 标签           AUC 0.740   <- 残余混杂通路
  菌群 -> 是否 7 月         AUC 0.731

[5] 去混杂后 biomarker 是否改变（CLR + Welch t + BH-FDR）
  显著特征数  全队列 19/70   子集 34/65
  t 统计量 Spearman ρ = 0.879 (p = 2.7e-21)
  两边同时显著的特征: 18

  子集中最显著的 8 个:
        Genus           Family          t          FDR
  Veillonella  Veillonellaceae -14.447056 3.669481e-29
       Rothia   Micrococcaceae -12.554019 3.712157e-21
          NaN Mycoplasmataceae  -9.958715 9.812250e-15
   Prevotella   Prevotellaceae  -9.103440 8.622088e-14
Streptococcus Streptococcaceae  -8.377525 4.414949e-13
          NaN  Pasteurellaceae  -6.821712 3.018073e-09
      Gemella      Gemellaceae  -5.376451 2.995841e-06
          NaN              NaN   5.127236 6.744738e-06

==========================================================================
提醒：这是敏感性分析。被排除的 95 个样本同时也是判别最困难的一批
（Jan+Oct 分层 AUC 仅 0.668），因此子集 AUC 不可与全队列直接相比。
结果已写入 results/deconf_* 与 deconfound_summary.json
==========================================================================
