==========================================================================================
火鸡队列：生态特征空间中的「纯笼效应 vs 感染效应」
==========================================================================================
  纯笼对比 = 毒株、提取批次、感染状态全部固定，只有笼号不同。
  对照 summary_Turkey_45_sample.md §4：属丰度空间下纯笼平均 0.908，感染 0.967。

------------------------------------------------------------------------------------------
  α 多样性（6 指标）
  对比                                             n     AUC      零最大        p
  隔离器 3 vs 4（同 CKPA、同 10-30、同阳性）                16   0.481    0.906   0.5781
  隔离器 5 vs 6（同 TKMN、同 11-06、同阳性）                16   0.681    0.969   0.2458
  隔离器 1 vs 2（同 Mock、同 10-30、同阴性）                13   0.344    1.000   0.7475
  感染 vs 对照（全队列）                                 45   0.746    0.797   0.0266
  → 纯笼平均 0.502（0/3 显著）  vs 感染 0.746   比值 0.67
------------------------------------------------------------------------------------------
  核心保留度（折内重定义）
  对比                                             n     AUC      零最大        p
  隔离器 3 vs 4（同 CKPA、同 10-30、同阳性）                16   0.631    0.906   0.2226
  隔离器 5 vs 6（同 TKMN、同 11-06、同阳性）                16   0.600    1.000   0.2857
  隔离器 1 vs 2（同 Mock、同 10-30、同阴性）                13   0.575    1.000   0.4186
  感染 vs 对照（全队列）                                 45   0.780    0.788   0.0066
  → 纯笼平均 0.602（0/3 显著）  vs 感染 0.780   比值 0.77
------------------------------------------------------------------------------------------
  群落结构 PCoA（Bray，折内）
  对比                                             n     AUC      零最大        p
  隔离器 3 vs 4（同 CKPA、同 10-30、同阳性）                16   0.394    0.906   0.7608
  隔离器 5 vs 6（同 TKMN、同 11-06、同阳性）                16   0.669    0.812   0.1329
  隔离器 1 vs 2（同 Mock、同 10-30、同阴性）                13   0.719    1.000   0.1561
  感染 vs 对照（全队列）                                 45   0.827    0.797   0.0033
  → 纯笼平均 0.594（0/3 显著）  vs 感染 0.827   比值 0.72
------------------------------------------------------------------------------------------
  群落结构 PCoA（Aitchison，折内）
  对比                                             n     AUC      零最大        p
  隔离器 3 vs 4（同 CKPA、同 10-30、同阳性）                16   0.856    0.969   0.0233
  隔离器 5 vs 6（同 TKMN、同 11-06、同阳性）                16   0.975    0.938   0.0033
  隔离器 1 vs 2（同 Mock、同 10-30、同阴性）                13   0.975    0.969   0.0033
  感染 vs 对照（全队列）                                 45   0.976    0.926   0.0033
  → 纯笼平均 0.935（3/3 显著）  vs 感染 0.976   比值 0.96
------------------------------------------------------------------------------------------
  纯生态（α + 核心）
  对比                                             n     AUC      零最大        p
  隔离器 3 vs 4（同 CKPA、同 10-30、同阳性）                16   0.556    0.969   0.3987
  隔离器 5 vs 6（同 TKMN、同 11-06、同阳性）                16   0.644    0.969   0.2458
  隔离器 1 vs 2（同 Mock、同 10-30、同阴性）                13   0.487    1.000   0.5515
  感染 vs 对照（全队列）                                 45   0.784    0.802   0.0100
  → 纯笼平均 0.563（0/3 显著）  vs 感染 0.784   比值 0.72
------------------------------------------------------------------------------------------
  纯生态 + 结构（α + 核心 + Bray）
  对比                                             n     AUC      零最大        p
  隔离器 3 vs 4（同 CKPA、同 10-30、同阳性）                16   0.412    0.938   0.6910
  隔离器 5 vs 6（同 TKMN、同 11-06、同阳性）                16   0.697    0.859   0.1329
  隔离器 1 vs 2（同 Mock、同 10-30、同阴性）                13   0.631    0.906   0.2625
  感染 vs 对照（全队列）                                 45   0.856    0.835   0.0033
  → 纯笼平均 0.580（0/3 显著）  vs 感染 0.856   比值 0.68
------------------------------------------------------------------------------------------
  α + 核心 + Aitchison（含分类学信息）
  对比                                             n     AUC      零最大        p
  隔离器 3 vs 4（同 CKPA、同 10-30、同阳性）                16   0.781    0.969   0.0797
  隔离器 5 vs 6（同 TKMN、同 11-06、同阳性）                16   0.863    1.000   0.0332
  隔离器 1 vs 2（同 Mock、同 10-30、同阴性）                13   0.675    1.000   0.2625
  感染 vs 对照（全队列）                                 45   0.919    0.870   0.0033
  → 纯笼平均 0.773（1/3 显著）  vs 感染 0.919   比值 0.84
------------------------------------------------------------------------------------------
  属丰度 CLR（既有模型，参照）
  对比                                             n     AUC      零最大        p
  隔离器 3 vs 4（同 CKPA、同 10-30、同阳性）                16   0.919    0.938   0.0066
  隔离器 5 vs 6（同 TKMN、同 11-06、同阳性）                16   0.906    1.000   0.0166
  隔离器 1 vs 2（同 Mock、同 10-30、同阴性）                13   0.900    0.969   0.0332
  感染 vs 对照（全队列）                                 45   0.967    0.906   0.0033
  → 纯笼平均 0.908（3/3 显著）  vs 感染 0.967   比值 0.94
------------------------------------------------------------------------------------------

汇总：纯笼效应 / 感染效应
  特征空间                                    纯笼      感染      比值     显著
  α 多样性（6 指标）                          0.502   0.746    0.67    0/3
  核心保留度（折内重定义）                         0.602   0.780    0.77    0/3
  群落结构 PCoA（Bray，折内）                   0.594   0.827    0.72    0/3
  群落结构 PCoA（Aitchison，折内）              0.935   0.976    0.96    3/3
  纯生态（α + 核心）                          0.563   0.784    0.72    0/3
  纯生态 + 结构（α + 核心 + Bray）              0.580   0.856    0.68    0/3
  α + 核心 + Aitchison（含分类学信息）           0.773   0.919    0.84    1/3
  属丰度 CLR（既有模型，参照）                     0.908   0.967    0.94    3/3

结果已写入 results/ecological_cage_check.json
