============================================================================================
生态特征空间建模  |  SVM-RBF，外层 5 折 × 10 次，内层 4 折调参
  ** 已开启测序深度去混杂：每个特征对 log(深度) 回归后取残差（折内拟合）**
============================================================================================
  Duck     n=260  阴性 109 阳性 151 基线准确率 0.581
  Turkey   n=45   阴性 13  阳性 32  基线准确率 0.711
  Swan     n=15   阴性 5   阳性 10  基线准确率 0.667

============================================================================================
[0] 测序深度混杂检查（α 多样性中的丰富度指标对深度敏感）
============================================================================================
  Duck     深度 → 预测感染状态  AUC 0.650  ← 需警惕
  Turkey   深度 → 预测感染状态  AUC 0.560
  Swan     深度 → 预测感染状态  AUC 0.870  ← 需警惕

============================================================================================
[1] 队列内建模：Duck（n=260）
============================================================================================
  特征空间                                  特征数     AUC     重复间 sd
  --------------------------------------------------------------
  α 多样性（6 指标）                             6   0.540      0.032
  核心保留度（折内重定义）                            7   0.578      0.021
  群落结构 PCoA（Bray，折内）                     10   0.654      0.032
  群落结构 PCoA（Aitchison，折内）                10   0.812      0.018
  纯生态（α + 核心）                            13   0.603      0.016
  纯生态 + 结构（α + 核心 + Bray）                23   0.664      0.016
  α + 核心 + Aitchison（含分类学信息）             23   0.767      0.024
  属丰度 CLR（既有模型，参照）                       70   0.836      0.018
  群落结构核（Bray）                           260   0.695      0.019
  群落结构核（Aitchison）                      260   0.848      0.017

============================================================================================
[1] 队列内建模：Turkey（n=45）
============================================================================================
  特征空间                                  特征数     AUC     重复间 sd
  --------------------------------------------------------------
  α 多样性（6 指标）                             6   0.752      0.022
  核心保留度（折内重定义）                            7   0.828      0.046
  群落结构 PCoA（Bray，折内）                     10   0.796      0.063
  群落结构 PCoA（Aitchison，折内）                10   0.969      0.020
  纯生态（α + 核心）                            13   0.817      0.053
  纯生态 + 结构（α + 核心 + Bray）                23   0.854      0.029
  α + 核心 + Aitchison（含分类学信息）             23   0.910      0.035
  属丰度 CLR（既有模型，参照）                       62   0.972      0.019
  群落结构核（Bray）                            45   0.850      0.036
  群落结构核（Aitchison）                       45   0.970      0.017

============================================================================================
[2] 置换检验：Duck（200 次，单层 CV + 固定超参）
============================================================================================
  特征空间                                    实测      零均值      零最大        p
  ----------------------------------------------------------------------
  α 多样性（6 指标）                          0.538    0.500    0.629   0.2488
  核心保留度（折内重定义）                         0.570    0.496    0.628   0.0647
  群落结构 PCoA（Bray，折内）                   0.644    0.500    0.634   0.0050 *
  群落结构 PCoA（Aitchison，折内）              0.813    0.501    0.658   0.0050 *
  纯生态（α + 核心）                          0.605    0.501    0.674   0.0199 *
  纯生态 + 结构（α + 核心 + Bray）              0.661    0.503    0.637   0.0050 *
  α + 核心 + Aitchison（含分类学信息）           0.751    0.503    0.656   0.0050 *
  属丰度 CLR（既有模型，参照）                     0.821    0.499    0.632   0.0050 *
  群落结构核（Bray）                          0.654    0.504    0.626   0.0050 *
  群落结构核（Aitchison）                     0.802    0.501    0.651   0.0050 *

============================================================================================
[2] 置换检验：Turkey（200 次，单层 CV + 固定超参）
============================================================================================
  特征空间                                    实测      零均值      零最大        p
  ----------------------------------------------------------------------
  α 多样性（6 指标）                          0.730    0.510    0.897   0.0547
  核心保留度（折内重定义）                         0.763    0.487    0.822   0.0149 *
  群落结构 PCoA（Bray，折内）                   0.808    0.517    0.824   0.0149 *
  群落结构 PCoA（Aitchison，折内）              0.961    0.507    0.865   0.0050 *
  纯生态（α + 核心）                          0.791    0.502    0.840   0.0100 *
  纯生态 + 结构（α + 核心 + Bray）              0.842    0.516    0.852   0.0100 *
  α + 核心 + Aitchison（含分类学信息）           0.908    0.504    0.862   0.0050 *
  属丰度 CLR（既有模型，参照）                     0.978    0.500    0.854   0.0050 *
  群落结构核（Bray）                          0.863    0.509    0.810   0.0050 *
  群落结构核（Aitchison）                     0.961    0.508    0.867   0.0050 *

============================================================================================
[3] 跨宿主迁移：整队列训练 → 整队列测试
============================================================================================
  这是本轮分析的核心问题。距离核与 PCoA 无法跨队列（坐标系是队列内定义的），
  因此可比的是：α 多样性、核心保留度、二者的合并（纯生态），以及属丰度。

  α 多样性（6 指标）
  源 → 目标                  n源    n目标     AUC     零最大       p   说明
  ----------------------------------------------------------------------------
  Duck → Turkey          260     45   0.308   0.740  0.9851   
  Turkey → Duck           45    260   0.536   0.594  0.1393   
  Duck → Swan            260     15   0.140   0.960  0.9950   
  Turkey → Swan           45     15   0.820   0.860  0.0100   高于噪声上限

  核心保留度（折内重定义）
  源 → 目标                  n源    n目标     AUC     零最大       p   说明
  ----------------------------------------------------------------------------
  Duck → Turkey          260     45   0.406   0.887  0.8657   
  Turkey → Duck           45    260   0.554   0.604  0.0846   
  Duck → Swan            260     15   0.900   0.860  0.0050   高于噪声上限
  Turkey → Swan           45     15   0.920   0.900  0.0050   高于噪声上限

  纯生态（α + 核心）
  源 → 目标                  n源    n目标     AUC     零最大       p   说明
  ----------------------------------------------------------------------------
  Duck → Turkey          260     45   0.803   0.757  0.0050   高于噪声上限
  Turkey → Duck           45    260   0.523   0.609  0.2687   
  Duck → Swan            260     15   0.560   0.980  0.3881   
  Turkey → Swan           45     15   0.600   0.900  0.2587   

  属丰度 CLR（既有模型，参照）
  源 → 目标                  n源    n目标     AUC     零最大       p   说明
  ----------------------------------------------------------------------------
  Duck → Turkey          260     45   0.500   0.500  1.0000   判别函数常数，模型对目标完全无区分力
  Turkey → Duck           45    260   0.500   0.500  1.0000   判别函数常数，模型对目标完全无区分力
  Duck → Swan            260     15   0.500   0.500  1.0000   判别函数常数，模型对目标完全无区分力
  Turkey → Swan           45     15   0.220   0.920  1.0000   

============================================================================================
结果已写入 results/ecological_models_depthadj.json
============================================================================================
