========================================================================================
拆解「鸭 → 火鸡」迁移：α + 核心里是什么在迁移
========================================================================================
  全部 13 特征        AUC 0.800
  仅 α（6）           AUC 0.375
  仅核心（7）          AUC 0.469

========================================================================================
[0] 预注册假设：跨宿主可迁移的是无量纲的比例型特征
========================================================================================
  鸭的基线核心 14 个属，火鸡 32 个 —— 计数型特征在两个宿主间不同量纲。

  分组                                     AUC
  --------------------------------------------
  比例型（无量纲，5）                           0.728
  计数型（受核心大小影响，6）                       0.591
  中间型（Shannon/InvSimpson，2）            0.748
  比例型 + 中间型（7）                         0.820

========================================================================================
[1] 单个特征各自的迁移能力
========================================================================================
  特征                                块            量纲     AUC
  ----------------------------------------------------------
  Shannon_Genus                 alpha  intermediate   0.779
  CoreRetentionProportion        core    scale_free   0.752
  CoreTaxaPresent                core    count_like   0.738
  InvSimpson_Genus              alpha  intermediate   0.719
  Simpson_Genus                 alpha    scale_free   0.716
  CoreTaxaLost                   core    count_like   0.688
  NonCoreTaxaPresent             core    count_like   0.575
  CoreAbundanceRetention         core    scale_free   0.505
  Pielou_Genus                  alpha    scale_free   0.437
  TotalTaxaPresent               core    count_like   0.392
  CoreMembershipProportion       core    scale_free   0.326
  Chao1_Genus                   alpha    count_like   0.325
  Observed_Genera               alpha    count_like   0.279

========================================================================================
[2] 所有特征对，按是否跨块分组
========================================================================================
  跨块对（α×核心，42 个）   中位 0.559   最大 0.862
  块内对（36 个）           中位 0.459   最大 0.841

  排名前 10：
  特征对                                                               跨块     AUC
  ----------------------------------------------------------------------------
  Observed_Genera + CoreRetentionProportion                          是   0.862
  Chao1_Genus + CoreRetentionProportion                              是   0.853
  Chao1_Genus + CoreTaxaLost                                         是   0.849
  Observed_Genera + CoreTaxaLost                                     是   0.845
  CoreAbundanceRetention + CoreTaxaLost                              否   0.841
  CoreRetentionProportion + CoreAbundanceRetention                   否   0.841
  InvSimpson_Genus + CoreTaxaLost                                    是   0.776
  InvSimpson_Genus + CoreRetentionProportion                         是   0.757
  CoreRetentionProportion + CoreTaxaLost                             否   0.752
  CoreTaxaLost + NonCoreTaxaPresent                                  否   0.751

========================================================================================
[3] 选择偏倚校正：78 个特征对里挑最大值，零分布也必须取最大值
========================================================================================
  实测最大 AUC          0.862
  搜索后的零分布最大值    0.695 ± 0.051  (max 0.849)
  校正后 p              0.0033   高于搜索噪声

========================================================================================
[4] 关系是线性的吗：RBF 与 L2 逻辑回归对照
========================================================================================
  特征集                                    RBF      线性
  --------------------------------------------------
  全部 13                                0.800   0.834
  仅 α                                  0.375   0.714
  仅核心                                  0.469   0.870
  比例型 5                                0.728   0.784
  计数型 6                                0.591   0.856

========================================================================================
[5] 每个特征在两个宿主里的效应方向是否一致
========================================================================================
  若某特征在鸭里 Pos↑、在火鸡里也 Pos↑，它才可能承载迁移。
  特征                              鸭 AUC    火鸡 AUC      方向一致
  ------------------------------------------------------------
  Observed_Genera                 0.491     0.293         是
  Chao1_Genus                     0.490     0.312         是
  Shannon_Genus                   0.487     0.207         是
  Simpson_Genus                   0.507     0.214         否
  InvSimpson_Genus                0.507     0.214         否
  Pielou_Genus                    0.494     0.219         是
  CoreRetentionProportion         0.397     0.154         是
  CoreAbundanceRetention          0.498     0.505         否
  CoreTaxaLost                    0.603     0.846         是
  CoreTaxaPresent                 0.397     0.154         是
  NonCoreTaxaPresent              0.525     0.440         否
  TotalTaxaPresent                0.478     0.269         是
  CoreMembershipProportion        0.417     0.326         是

  13 个特征中方向一致的：9

结果已写入 results/ecological_transfer_anatomy.json
