============================================================================================
生态特征空间建模  |  SVM-RBF，外层 5 折 × 10 次，内层 4 折调参
============================================================================================
  Duck     n=260  阴性 109 阳性 151 基线准确率 0.581
  Turkey   n=45   阴性 13  阳性 32  基线准确率 0.711
  Swan     n=15   阴性 5   阳性 10  基线准确率 0.667

============================================================================================
[0] 测序深度混杂检查（α 多样性中的丰富度指标对深度敏感）
============================================================================================
  Duck     深度 → 预测感染状态  AUC 0.650  ← 需警惕
  Turkey   深度 → 预测感染状态  AUC 0.560
  Swan     深度 → 预测感染状态  AUC 0.870  ← 需警惕

============================================================================================
[1] 队列内建模：Duck（n=260）
============================================================================================
  特征空间                                  特征数     AUC     重复间 sd
  --------------------------------------------------------------
  α 多样性（6 指标）                             6   0.538      0.031
  核心保留度（折内重定义）                            7   0.593      0.018
  群落结构 PCoA（Bray，折内）                     10   0.661      0.034
  群落结构 PCoA（Aitchison，折内）                10   0.808      0.016
  纯生态（α + 核心）                            13   0.613      0.017
  纯生态 + 结构（α + 核心 + Bray）                23   0.674      0.020
  α + 核心 + Aitchison（含分类学信息）             23   0.773      0.019
  属丰度 CLR（既有模型，参照）                       70   0.836      0.018
  属丰度 + α + 核心（全合并）                      83   0.832      0.017
  属丰度 + α + 核心 + Bray（全合并）               93   0.831      0.018
  群落结构核（Bray）                           260   0.695      0.019
  群落结构核（Aitchison）                      260   0.848      0.017

============================================================================================
[1] 队列内建模：Turkey（n=45）
============================================================================================
  特征空间                                  特征数     AUC     重复间 sd
  --------------------------------------------------------------
  α 多样性（6 指标）                             6   0.748      0.040
  核心保留度（折内重定义）                            7   0.799      0.048
  群落结构 PCoA（Bray，折内）                     10   0.813      0.054
  群落结构 PCoA（Aitchison，折内）                10   0.962      0.018
  纯生态（α + 核心）                            13   0.807      0.029
  纯生态 + 结构（α + 核心 + Bray）                23   0.854      0.041
  α + 核心 + Aitchison（含分类学信息）             23   0.916      0.037
  属丰度 CLR（既有模型，参照）                       62   0.972      0.019
  属丰度 + α + 核心（全合并）                      75   0.960      0.025
  属丰度 + α + 核心 + Bray（全合并）               85   0.979      0.012
  群落结构核（Bray）                            45   0.850      0.036
  群落结构核（Aitchison）                       45   0.970      0.017

============================================================================================
[2] 置换检验：Duck（200 次，单层 CV + 固定超参）
============================================================================================
  特征空间                                    实测      零均值      零最大        p
  ----------------------------------------------------------------------
  α 多样性（6 指标）                          0.526    0.500    0.621   0.3333
  核心保留度（折内重定义）                         0.581    0.495    0.630   0.0498 *
  群落结构 PCoA（Bray，折内）                   0.651    0.500    0.636   0.0050 *
  群落结构 PCoA（Aitchison，折内）              0.814    0.501    0.661   0.0050 *
  纯生态（α + 核心）                          0.611    0.500    0.675   0.0100 *
  纯生态 + 结构（α + 核心 + Bray）              0.662    0.503    0.635   0.0050 *
  α + 核心 + Aitchison（含分类学信息）           0.760    0.503    0.660   0.0050 *
  属丰度 CLR（既有模型，参照）                     0.821    0.499    0.632   0.0050 *
  属丰度 + α + 核心（全合并）                    0.813    0.501    0.639   0.0050 *
  属丰度 + α + 核心 + Bray（全合并）             0.808    0.501    0.635   0.0050 *
  群落结构核（Bray）                          0.654    0.504    0.626   0.0050 *
  群落结构核（Aitchison）                     0.802    0.501    0.651   0.0050 *

============================================================================================
[2] 置换检验：Turkey（200 次，单层 CV + 固定超参）
============================================================================================
  特征空间                                    实测      零均值      零最大        p
  ----------------------------------------------------------------------
  α 多样性（6 指标）                          0.700    0.514    0.860   0.0697
  核心保留度（折内重定义）                         0.742    0.491    0.789   0.0100 *
  群落结构 PCoA（Bray，折内）                   0.830    0.516    0.806   0.0050 *
  群落结构 PCoA（Aitchison，折内）              0.971    0.503    0.894   0.0050 *
  纯生态（α + 核心）                          0.745    0.505    0.803   0.0199 *
  纯生态 + 结构（α + 核心 + Bray）              0.848    0.516    0.835   0.0050 *
  α + 核心 + Aitchison（含分类学信息）           0.930    0.502    0.876   0.0050 *
  属丰度 CLR（既有模型，参照）                     0.978    0.500    0.854   0.0050 *
  属丰度 + α + 核心（全合并）                    0.960    0.502    0.865   0.0050 *
  属丰度 + α + 核心 + Bray（全合并）             0.965    0.504    0.851   0.0050 *
  群落结构核（Bray）                          0.863    0.509    0.810   0.0050 *
  群落结构核（Aitchison）                     0.961    0.508    0.867   0.0050 *

============================================================================================
[3] 跨宿主迁移：整队列训练 → 整队列测试
============================================================================================
  这是本轮分析的核心问题。距离核与 PCoA 无法跨队列（坐标系是队列内定义的），
  因此可比的是：α 多样性、核心保留度、二者的合并（纯生态），以及属丰度。

  α 多样性（6 指标）
  源 → 目标                  n源    n目标     AUC     零最大       p   说明
  ----------------------------------------------------------------------------
  Duck → Turkey          260     45   0.375   0.757  0.9104   
  Turkey → Duck           45    260   0.503   0.594  0.4627   
  Duck → Swan            260     15   0.400   0.900  0.7313   
  Turkey → Swan           45     15   1.000   0.840  0.0050   高于噪声上限

  核心保留度（折内重定义）
  源 → 目标                  n源    n目标     AUC     零最大       p   说明
  ----------------------------------------------------------------------------
  Duck → Turkey          260     45   0.469   0.875  0.6169   
  Turkey → Duck           45    260   0.579   0.607  0.0348   高于噪声上限
  Duck → Swan            260     15   0.900   0.860  0.0050   高于噪声上限
  Turkey → Swan           45     15   0.980   0.900  0.0050   高于噪声上限

  纯生态（α + 核心）
  源 → 目标                  n源    n目标     AUC     零最大       p   说明
  ----------------------------------------------------------------------------
  Duck → Turkey          260     45   0.800   0.740  0.0050   高于噪声上限
  Turkey → Duck           45    260   0.549   0.599  0.0945   
  Duck → Swan            260     15   0.500   0.980  0.4876   
  Turkey → Swan           45     15   1.000   0.880  0.0050   高于噪声上限

  属丰度 CLR（既有模型，参照）
  源 → 目标                  n源    n目标     AUC     零最大       p   说明
  ----------------------------------------------------------------------------
  Duck → Turkey          260     45   0.500   0.500  1.0000   判别函数常数，模型对目标完全无区分力
  Turkey → Duck           45    260   0.500   0.500  1.0000   判别函数常数，模型对目标完全无区分力
  Duck → Swan            260     15   0.500   0.500  1.0000   判别函数常数，模型对目标完全无区分力
  Turkey → Swan           45     15   0.220   0.920  1.0000   

  属丰度 + α + 核心（全合并）
  源 → 目标                  n源    n目标     AUC     零最大       p   说明
  ----------------------------------------------------------------------------
  Duck → Turkey          260     45   0.490   0.810  0.5224   
  Turkey → Duck           45    260   0.499   0.597  0.4876   
  Duck → Swan            260     15   0.320   0.900  0.8706   
  Turkey → Swan           45     15   0.600   0.900  0.3234   

============================================================================================
结果已写入 results/ecological_models.json
============================================================================================
BOTHDONE
