260 样本 x 70 特征 | 外层 25 折

  GP-RBF          AUC 0.822 ± 0.057   MCC 0.498   |  高斯过程：RBF 核的贝叶斯版本，小样本上通常比 SVM 更稳
  GP-Matern       AUC 0.819 ± 0.056   MCC 0.493   |  Matérn 核：比 RBF 更粗糙，对非光滑决策边界更宽容
  SVM-poly        AUC 0.834 ± 0.052   MCC 0.481   |  多项式核：显式建模特征间的低阶交互
  kNN-Aitchison   AUC 0.795 ± 0.060   MCC 0.422   |  kNN：CLR 空间的欧氏距离即 Aitchison 距离
  LDA-shrinkage   AUC 0.773 ± 0.053   MCC 0.362   |  Ledoit-Wolf 收缩 LDA：p/n 中等时协方差估计更稳
  PLS-DA          AUC 0.776 ± 0.060   MCC 0.400   |  PLS-DA：代谢组/微生物组文献的标准方法，审稿人会问
  ElasticNet-LR   AUC 0.787 ± 0.055   MCC 0.412   |  弹性网：兼顾稀疏性与共线特征的分组效应
  ExtraTrees      AUC 0.859 ± 0.041   MCC 0.542   |  极端随机树：分裂点随机化，小样本上常优于随机森林
  MLP             AUC 0.649 ± 0.117   MCC 0.205   |  浅层神经网络：n=260 下预期不占优，跑一遍以免遗漏

  集成: SVM-RBF + XGBoost + L1-LR 软投票 ...
  Ensemble        AUC 0.836 ± 0.048   MCC 0.521

============================================================================================
              Model Accuracy BalancedAcc ROC_AUC PR_AUC Sensitivity Specificity    F1   MCC
         ExtraTrees    0.777       0.755   0.859  0.893       0.890       0.620 0.822 0.542
Ensemble(soft-vote)    0.766       0.756   0.836  0.873       0.818       0.694 0.802 0.521
           SVM-poly    0.748       0.728   0.834  0.861       0.853       0.604 0.797 0.481
             GP-RBF    0.757       0.741   0.822  0.866       0.841       0.641 0.801 0.498
          GP-Matern    0.755       0.738   0.819  0.865       0.844       0.632 0.800 0.493
      kNN-Aitchison    0.719       0.687   0.795  0.838       0.885       0.490 0.786 0.422
      ElasticNet-LR    0.710       0.706   0.787  0.844       0.731       0.681 0.744 0.412
             PLS-DA    0.707       0.696   0.776  0.837       0.763       0.629 0.750 0.400
      LDA-shrinkage    0.692       0.676   0.773  0.838       0.771       0.582 0.743 0.362
                MLP    0.616       0.602   0.649  0.746       0.690       0.514 0.676 0.205
============================================================================================

参考(上一轮): SVM-RBF AUC 0.839 / MCC 0.531 是需要被超越的目标
逐折 AUC 已存入 results/exploration_fold_aucs.npz，供配对检验使用
