260 样本 x 70 特征 | 外层 25 折

  GP-RBF          AUC 0.821 ± 0.061   MCC 0.482   |  高斯过程：RBF 核的贝叶斯版本，小样本上通常比 SVM 更稳
  GP-Matern       AUC 0.818 ± 0.060   MCC 0.475   |  Matérn 核：比 RBF 更粗糙，对非光滑决策边界更宽容
  SVM-poly        AUC 0.825 ± 0.057   MCC 0.463   |  多项式核：显式建模特征间的低阶交互
  kNN-Aitchison   AUC 0.790 ± 0.061   MCC 0.402   |  kNN：CLR 空间的欧氏距离即 Aitchison 距离
  LDA-shrinkage   AUC 0.766 ± 0.058   MCC 0.344   |  Ledoit-Wolf 收缩 LDA：p/n 中等时协方差估计更稳
  PLS-DA          AUC 0.769 ± 0.066   MCC 0.400   |  PLS-DA：代谢组/微生物组文献的标准方法，审稿人会问
  ElasticNet-LR   AUC 0.770 ± 0.060   MCC 0.365   |  弹性网：兼顾稀疏性与共线特征的分组效应
  ExtraTrees      AUC 0.858 ± 0.043   MCC 0.542   |  极端随机树：分裂点随机化，小样本上常优于随机森林
  MLP             AUC 0.629 ± 0.086   MCC 0.202   |  浅层神经网络：n=260 下预期不占优，跑一遍以免遗漏

  集成: SVM-RBF + XGBoost + L1-LR 软投票 ...
  Ensemble        AUC 0.834 ± 0.052   MCC 0.523

============================================================================================
              Model Accuracy BalancedAcc ROC_AUC PR_AUC Sensitivity Specificity    F1   MCC
         ExtraTrees    0.778       0.756   0.858  0.891       0.887       0.626 0.822 0.542
Ensemble(soft-vote)    0.767       0.757   0.834  0.874       0.816       0.699 0.802 0.523
           SVM-poly    0.740       0.718   0.825  0.851       0.857       0.579 0.792 0.463
             GP-RBF    0.749       0.733   0.821  0.868       0.834       0.631 0.794 0.482
          GP-Matern    0.746       0.728   0.818  0.866       0.841       0.615 0.793 0.475
      kNN-Aitchison    0.710       0.679   0.790  0.830       0.870       0.488 0.776 0.402
      ElasticNet-LR    0.685       0.682   0.770  0.837       0.697       0.668 0.717 0.365
             PLS-DA    0.706       0.697   0.769  0.834       0.755       0.638 0.748 0.400
      LDA-shrinkage    0.682       0.668   0.766  0.838       0.756       0.580 0.733 0.344
                MLP    0.605       0.597   0.629  0.717       0.655       0.538 0.645 0.202
============================================================================================

参考(上一轮): SVM-RBF AUC 0.839 / MCC 0.531 是需要被超越的目标
逐折 AUC 已存入 results/exploration_fold_aucs.npz，供配对检验使用
