====================================================================================
家禽合并队列 SVM-RBF 建模 —— PRJNA644054 + PRJNA379944
====================================================================================
Influenza    Neg  Pos  All
BioProject                
PRJNA379944    3    3    6
PRJNA644054   13   32   45
All           16   35   51

流行度 >= 0.1 保留 68 个特征，p/n = 1.33   ← p > n，高维

[1] 流行度阈值扫描（控制 p/n）
  >= 0.05    92 个特征   p/n=1.80   AUC 0.976
  >= 0.10    68 个特征   p/n=1.33   AUC 0.976
  >= 0.15    55 个特征   p/n=1.08   AUC 0.940
  >= 0.20    51 个特征   p/n=1.00   AUC 0.945
  >= 0.30    45 个特征   p/n=0.88   AUC 0.949
  >= 0.40    39 个特征   p/n=0.76   AUC 0.955

[2] 嵌套 CV（外层 5 折 × 10 次 = 50 折，内层 4 折；流行度 0.1）
  ROC-AUC          0.895
  PR-AUC           0.952
  Accuracy         0.825
  基线 accuracy      0.686
  平衡准确率            0.759
  灵敏度              0.937
  特异度              0.581
  MCC              0.576
  混淆矩阵（折外合并，已除以重复次数 10）: TN 9.3  FP 6.7  FN 2.2  TP 32.8
  最常选中的超参: {'clf__C': 1.0, 'clf__gamma': 'scale'}

[3] 留一法交叉验证（LOO）
  LOO AUC 0.973   （与 5 折的 0.895 对照，差异反映划分方差）

[4] 置换检验（200 次）
    50/200 ...
    100/200 ...
    150/200 ...
    200/200 ...
  实测 0.967 | 零分布 0.492 ± 0.121 (max 0.798) | p = 0.0050

[5] 批次检查：模型是否在学「火鸡还是鸡」而非感染状态
  菌群 -> 预测 project（鸡 vs 火鸡）  AUC 1.000   ← 批次信号极强
  project -> 预测标签                AUC 0.499

[6] 对照：仅 PRJNA644054（火鸡 n=45）
  n=45  阳性 32  基线 acc 0.711
  AUC 0.930   accuracy 0.860   特异度 0.677   MCC 0.647
  合并后 (n=51) AUC 0.895   Δ = -0.035

====================================================================================
解读提醒：n=51、少数类 16、p/n>1，且两个 project 在宿主/中心/建库上完全共线。
任何单一数字都不应脱离置换检验与批次检查单独引用。
结果已写入 results/poultry_cohort.json 与 poultry_*.csv
====================================================================================
