======================================================================================
[1] 毒株、隔离器、提取批次三者的共线结构
======================================================================================
Isolator  1  2  3  4  5  6
实验组                       
CKPA      0  0  8  8  0  0
Mock      8  5  0  0  0  0
TKMN      0  0  0  0  8  8

提取批次  18-10-30  18-11-06
实验组                     
CKPA        16         0
Mock        13         0
TKMN         0        16

  每个隔离器只含一种毒株: True
  → CKPA = 隔离器 {3,4} = 批次 10-30；TKMN = 隔离器 {5,6} = 批次 11-06
  → 「毒株效应」与「笼效应」「批次效应」三者完全共线，无法分离。

======================================================================================
[2] 名义上的「毒株差异」
======================================================================================
  下面这个数字在数值上同时等于三件事：毒株差异、隔离器 {3,4} vs {5,6}、
  提取批次 10-30 vs 11-06。三者是同一个划分。
    CKPA vs TKMN（n=32）                 AUC 0.912 | 零分布 0.498 ± 0.136 (max 0.852) | p = 0.0033

  → 该数字不可解释为毒株效应。

======================================================================================
[3] 纯笼效应：毒株、批次、感染状态全部固定，只变笼号
======================================================================================
  这是本队列唯一能给出干净笼效应估计的对比。
    隔离器 3 vs 4（同 CKPA、同 10-30 批次）      AUC 0.919 | 零分布 0.506 ± 0.191 (max 0.938) | p = 0.0066
    隔离器 5 vs 6（同 TKMN、同 11-06 批次）      AUC 0.906 | 零分布 0.497 ± 0.200 (max 1.000) | p = 0.0166
    隔离器 1 vs 2（同 Mock、同 10-30 批次）      AUC 0.900 | 零分布 0.491 ± 0.221 (max 0.969) | p = 0.0332

  三组对比平均 AUC 0.908，其中 3/3 组 p<0.05

======================================================================================
[4] 与感染效应的量级对照
======================================================================================
    感染 vs 对照（n=45，全队列）                 AUC 0.967 | 零分布 0.501 ± 0.129 (max 0.906) | p = 0.0033

  感染效应 AUC 0.967  vs  纯笼效应平均 0.908
  两者量级越接近，说明「感染信号」中笼效应的占比越可能不小。

======================================================================================
[5] 哪些菌在同笼别内部即有差异（纯笼效应驱动的菌）
======================================================================================
  CKPA 内 3vs4       0/62 个特征 FDR<0.05
  TKMN 内 5vs6       1/62 个特征 FDR<0.05
      Faecalibacterium         t=-5.65  FDR=0.0047
  Mock 内 1vs2       3/62 个特征 FDR<0.05
      Faecalibacterium         t=+5.26  FDR=0.0462
      Pseudoflavonifractor     t=-9.86  FDR=0.0015
      UCG-009                  t=+5.95  FDR=0.0034

======================================================================================
结论：毒株效应无法检验（与笼、批次三重共线）。
可检验的是纯笼效应——毒株/批次/感染状态全部固定后仅变笼号的对比。
结果已写入 results/turkey_strain_cage.json
======================================================================================
