========================================================================================
火鸡队列 biomarker：与鸭队列同口径的三方法交集
========================================================================================
  n = 45（阴性 13 / 阳性 32），流行度 ≥10% 后保留 62 个特征

========================================================================================
[1] L1 惩罚强度扫描（鸭队列的 C=0.1 不能直接照搬）
========================================================================================
        C      非零系数    CV-AUC
    0.050         0     0.500
    0.100         3     0.848
    0.200         7     0.934
    0.500         9     0.969
    1.000        10     0.971
    2.000        11     0.971
    5.000        15     0.971
   10.000        15     0.971
   50.000        18     0.977

[2] 稳定性选择（200 次 bootstrap × 3 个 C 值）
    C 无唯一正确取法，故作为敏感性轴：0.2 对齐鸭队列的『损失约 0.03 AUC』准则，
    10.0 对齐鸭队列的稀疏度比例（≈1/4 特征），1.0 居中。
    bootstrap 50/200 ...
    bootstrap 100/200 ...
    bootstrap 150/200 ...
    bootstrap 200/200 ...
  C=0.2   有效 bootstrap 200/200，选中频率 ≥70% 的特征 4
    bootstrap 50/200 ...
    bootstrap 100/200 ...
    bootstrap 150/200 ...
    bootstrap 200/200 ...
  C=1.0   有效 bootstrap 200/200，选中频率 ≥70% 的特征 8
    bootstrap 50/200 ...
    bootstrap 100/200 ...
    bootstrap 150/200 ...
    bootstrap 200/200 ...
  C=10.0  有效 bootstrap 200/200，选中频率 ≥70% 的特征 9

========================================================================================
[3] 三方法交集（与鸭队列 README §6.2 同口径）
========================================================================================
  ① 差异丰度 FDR<0.05          命中 19
  ② L1 选中频率 ≥70%（三个 C 均达标）  命中 4
  ③ permutation importance >0   命中 24
  ─────────────────────────────────────────
  三者同时命中                   4

  Genus                   Family                      重要性    L1频率(最低)    方向      FDR     笼效应
  ----------------------------------------------------------------------------------------
  Negativibacillus        Ruminococcaceae          0.0133       0.865  Pos↑ 3.84e-05     受污染
  HT002                   Lactobacillaceae         0.0130       0.935  Pos↓ 5.72e-03      通过
  Tissierella             Family_XI                0.0079       0.885  Pos↑ 3.75e-04     受污染
  Escherichia-Shigella    Enterobacteriaceae       0.0015       1.000  Pos↑ 3.75e-04      通过

  其中通过笼效应筛查（本队列特有的第四层）：2

========================================================================================
[4] 与鸭队列九菌的比较（同口径，因此可比）
========================================================================================
  鸭队列三方法交集重建：9 个（README §6.2 记录为 9，用于校验重建正确性）
  属层面重叠：无
  科层面重叠：['Ruminococcaceae']

  === Ruminococcaceae ===
    鸭   (未注释)                   Pos↑
    火鸡 Negativibacillus        Pos↑   受笼/毒株/批次污染

结果已写入 results/turkey_biomarkers_3method.json 与 .csv
